\BOOKMARK [1][-]{section.1}{\376\377\000I\000n\000t\000r\000o\000d\000u\000c\000t\000i\000o\000n}{}% 1
\BOOKMARK [1][-]{section.2}{\376\377\000T\000h\000e\000\040\000S\000u\040\023\000S\000c\000h\000r\000i\000e\000f\000f\000e\000r\040\023\000H\000e\000e\000g\000e\000r\000\040\000M\000o\000d\000e\000l}{}% 2
\BOOKMARK [2][-]{subsection.2.1}{\376\377\000R\000e\000a\000l\000-\000S\000p\000a\000c\000e\000\040\000T\000i\000g\000h\000t\000-\000B\000i\000n\000d\000i\000n\000g\000\040\000H\000a\000m\000i\000l\000t\000o\000n\000i\000a\000n}{section.2}% 3
\BOOKMARK [2][-]{subsection.2.2}{\376\377\000M\000a\000t\000r\000i\000x\000\040\000R\000e\000p\000r\000e\000s\000e\000n\000t\000a\000t\000i\000o\000n\000\040\000o\000f\000\040\000t\000h\000e\000\040\000H\000a\000m\000i\000l\000t\000o\000n\000i\000a\000n}{section.2}% 4
\BOOKMARK [2][-]{subsection.2.3}{\376\377\000T\000e\000n\000s\000o\000r\000\040\000P\000r\000o\000d\000u\000c\000t\000\040\000R\000e\000p\000r\000e\000s\000e\000n\000t\000a\000t\000i\000o\000n}{section.2}% 5
\BOOKMARK [2][-]{subsection.2.4}{\376\377\000B\000u\000l\000k\000\040\000H\000a\000m\000i\000l\000t\000o\000n\000i\000a\000n}{section.2}% 6
\BOOKMARK [2][-]{subsection.2.5}{\376\377\000M\000o\000m\000e\000n\000t\000u\000m\000-\000S\000p\000a\000c\000e\000\040\000H\000a\000m\000i\000l\000t\000o\000n\000i\000a\000n}{section.2}% 7
\BOOKMARK [2][-]{subsection.2.6}{\376\377\000D\000i\000s\000p\000e\000r\000s\000i\000o\000n\000\040\000R\000e\000l\000a\000t\000i\000o\000n}{section.2}% 8
\BOOKMARK [2][-]{subsection.2.7}{\376\377\000V\000e\000c\000t\000o\000r\000\040\000r\000e\000p\000r\000e\000s\000e\000n\000t\000a\000t\000i\000o\000n\000\040\000o\000f\000\040\000t\000h\000e\000\040\000H\000a\000m\000i\000l\000t\000o\000n\000i\000a\000n}{section.2}% 9
\BOOKMARK [2][-]{subsection.2.8}{\376\377\000C\000h\000i\000r\000a\000l\000\040\000S\000y\000m\000m\000e\000t\000r\000y}{section.2}% 10
\BOOKMARK [3][-]{subsubsection.2.8.1}{\376\377\000W\000h\000y\000\040\000C\000h\000i\000r\000a\000l\000\040\000S\000y\000m\000m\000e\000t\000r\000y\000\040\000I\000m\000p\000l\000i\000e\000s\000\040\000a\000n\000\040\000O\000f\000f\000-\000D\000i\000a\000g\000o\000n\000a\000l\000\040\000H\000a\000m\000i\000l\000t\000o\000n\000i\000a\000n}{subsection.2.8}% 11
\BOOKMARK [3][-]{subsubsection.2.8.2}{\376\377\000C\000o\000n\000s\000e\000q\000u\000e\000n\000c\000e\000s\000\040\000o\000f\000\040\000C\000h\000i\000r\000a\000l\000\040\000S\000y\000m\000m\000e\000t\000r\000y}{subsection.2.8}% 12
\BOOKMARK [2][-]{subsection.2.9}{\376\377\000W\000i\000n\000d\000i\000n\000g\000\040\000N\000u\000m\000b\000e\000r}{section.2}% 13
\BOOKMARK [2][-]{subsection.2.10}{\376\377\000B\000u\000l\000k\040\023\000B\000o\000u\000n\000d\000a\000r\000y\000\040\000C\000o\000r\000r\000e\000s\000p\000o\000n\000d\000e\000n\000c\000e}{section.2}% 14
\BOOKMARK [2][-]{subsection.2.11}{\376\377\000F\000i\000n\000i\000t\000e\000\040\000S\000S\000H\000\040\000C\000h\000a\000i\000n\000\040\000w\000i\000t\000h\000\040\000O\000p\000e\000n\000\040\000B\000o\000u\000n\000d\000a\000r\000y\000\040\000C\000o\000n\000d\000i\000t\000i\000o\000n\000s}{section.2}% 15
\BOOKMARK [3][-]{subsubsection.2.11.1}{\376\377\000N\000u\000m\000e\000r\000i\000c\000a\000l\000\040\000D\000i\000a\000g\000o\000n\000a\000l\000i\000z\000a\000t\000i\000o\000n}{subsection.2.11}% 16
\BOOKMARK [3][-]{subsubsection.2.11.2}{\376\377\000E\000n\000e\000r\000g\000y\000\040\000S\000p\000e\000c\000t\000r\000u\000m}{subsection.2.11}% 17
\BOOKMARK [3][-]{subsubsection.2.11.3}{\376\377\000E\000d\000g\000e\000-\000S\000t\000a\000t\000e\000\040\000P\000r\000o\000b\000a\000b\000i\000l\000i\000t\000y\000\040\000D\000i\000s\000t\000r\000i\000b\000u\000t\000i\000o\000n}{subsection.2.11}% 18
\BOOKMARK [3][-]{subsubsection.2.11.4}{\376\377\000P\000r\000e\000s\000e\000r\000v\000a\000t\000i\000o\000n\000\040\000o\000f\000\040\000C\000h\000i\000r\000a\000l\000\040\000S\000y\000m\000m\000e\000t\000r\000y}{subsection.2.11}% 19
\BOOKMARK [1][-]{section.3}{\376\377\000E\000x\000t\000e\000n\000s\000i\000o\000n\000\040\000o\000f\000\040\000t\000h\000e\000\040\000S\000S\000H\000\040\000M\000o\000d\000e\000l\000:\000\040\000I\000n\000c\000l\000u\000s\000i\000o\000n\000\040\000o\000f\000\040\000a\000n\000\040\000O\000n\000-\000S\000i\000t\000e\000\040\000P\000o\000t\000e\000n\000t\000i\000a\000l}{}% 20
\BOOKMARK [2][-]{subsection.3.1}{\376\377\000R\000e\000a\000l\000-\000s\000p\000a\000c\000e\000\040\000H\000a\000m\000i\000l\000t\000o\000n\000i\000a\000n}{section.3}% 21
\BOOKMARK [2][-]{subsection.3.2}{\376\377\000M\000o\000m\000e\000n\000t\000u\000m\000-\000S\000p\000a\000c\000e\000\040\000H\000a\000m\000i\000l\000t\000o\000n\000i\000a\000n}{section.3}% 22
\BOOKMARK [2][-]{subsection.3.3}{\376\377\000R\000e\000p\000r\000e\000s\000e\000n\000t\000a\000t\000i\000o\000n\000\040\000i\000n\000\040\000T\000e\000r\000m\000s\000\040\000o\000f\000\040\000P\000a\000u\000l\000i\000\040\000M\000a\000t\000r\000i\000c\000e\000s}{section.3}% 23
\BOOKMARK [2][-]{subsection.3.4}{\376\377\000E\000f\000f\000e\000c\000t\000\040\000o\000n\000\040\000C\000h\000i\000r\000a\000l\000\040\000S\000y\000m\000m\000e\000t\000r\000y}{section.3}% 24
\BOOKMARK [2][-]{subsection.3.5}{\376\377\000L\000o\000s\000s\000\040\000o\000f\000\040\000t\000h\000e\000\040\000W\000i\000n\000d\000i\000n\000g\000\040\000N\000u\000m\000b\000e\000r}{section.3}% 25
\BOOKMARK [2][-]{subsection.3.6}{\376\377\000E\000n\000e\000r\000g\000y\000\040\000E\000i\000g\000e\000n\000v\000a\000l\000u\000e\000s}{section.3}% 26
\BOOKMARK [2][-]{subsection.3.7}{\376\377\000E\000n\000e\000r\000g\000y\000\040\000S\000p\000e\000c\000t\000r\000u\000m}{section.3}% 27
\BOOKMARK [2][-]{subsection.3.8}{\376\377\000E\000i\000g\000e\000n\000s\000t\000a\000t\000e\000s}{section.3}% 28
\BOOKMARK [2][-]{subsection.3.9}{\376\377\000W\000i\000n\000d\000i\000n\000g\000\040\000N\000u\000m\000b\000e\000r}{section.3}% 29
\BOOKMARK [2][-]{subsection.3.10}{\376\377\000T\000h\000r\000e\000e\000-\000D\000i\000m\000e\000n\000s\000i\000o\000n\000a\000l\000\040\000W\000i\000n\000d\000i\000n\000g\000\040\000T\000r\000a\000j\000e\000c\000t\000o\000r\000y}{section.3}% 30
\BOOKMARK [1][-]{section.4}{\376\377\000C\000o\000n\000c\000l\000u\000s\000i\000o\000n}{}% 31
\BOOKMARK [1][-]{section*.24}{\376\377\000R\000e\000f\000e\000r\000e\000n\000c\000e\000s}{}% 32
\BOOKMARK [1][-]{appendix.A}{\376\377\000P\000y\000t\000h\000o\000n\000\040\000I\000m\000p\000l\000e\000m\000e\000n\000t\000a\000t\000i\000o\000n\000s}{}% 33
\BOOKMARK [2][-]{subsection.A.1}{\376\377\000D\000i\000s\000p\000e\000r\000s\000i\000o\000n\000\040\000R\000e\000l\000a\000t\000i\000o\000n\000\040\000a\000n\000d\000\040\000W\000i\000n\000d\000i\000n\000g\000\040\000T\000r\000a\000j\000e\000c\000t\000o\000r\000i\000e\000s}{appendix.A}% 34
\BOOKMARK [2][-]{subsection.A.2}{\376\377\000F\000i\000n\000i\000t\000e\000\040\000S\000S\000H\000\040\000C\000h\000a\000i\000n\000:\000\040\000N\000u\000m\000e\000r\000i\000c\000a\000l\000\040\000D\000i\000a\000g\000o\000n\000a\000l\000i\000z\000a\000t\000i\000o\000n}{appendix.A}% 35
\BOOKMARK [2][-]{subsection.A.3}{\376\377\000F\000i\000n\000i\000t\000e\000\040\000S\000S\000H\000\040\000C\000h\000a\000i\000n\000\040\000w\000i\000t\000h\000\040\000O\000n\000-\000S\000i\000t\000e\000\040\000P\000o\000t\000e\000n\000t\000i\000a\000l}{appendix.A}% 36
\BOOKMARK [2][-]{subsection.A.4}{\376\377\000S\000S\000H\000\040\000M\000o\000d\000e\000l\000\040\000w\000i\000t\000h\000\040\000O\000n\000-\000S\000i\000t\000e\000\040\000P\000o\000t\000e\000n\000t\000i\000a\000l\000:\000\040\000T\000h\000r\000e\000e\000-\000D\000i\000m\000e\000n\000s\000i\000o\000n\000a\000l\000\040\000W\000i\000n\000d\000i\000n\000g\000\040\000T\000r\000a\000j\000e\000c\000t\000o\000r\000i\000e\000s}{appendix.A}% 37
